`loss_type=None` was set in the config but it is unrecognised.Using the default loss: `ForCausalLMLoss`.
Using device: cuda
--- Evaluation Setup ---
Model: english
Checkpoint: checkpoint-500
Results CSV: experiments/output/v2/trajectory/anaphor_number_agreement_results.csv
Dataset: data_generation/outputs/impossible_blimp/v2/anaphor_number_agreement_20250617_153306.jsonl
Phenomenon: anaphor_number_agreement
Language: english
Timestamp: 20250617_153306
------------------------
Starting evaluation...
Paired evaluation results saved to experiments/output/v2/raw/english_checkpoint-500_anaphor_number_agreement_20250617_153306_20250617_153306.csv
Evaluation finished. Processed 1000 sentence pairs.
Results have been saved to experiments/output/v2/trajectory/anaphor_number_agreement_results.csv

Experiment completed successfully.
--- Summary ---
Accuracy: 0.8600
Geometric Mean Perplexity (Good): 451.5255
Geometric Mean Perplexity (Bad): 585.9812
`loss_type=None` was set in the config but it is unrecognised.Using the default loss: `ForCausalLMLoss`.
Using device: cuda
--- Evaluation Setup ---
Model: english
Checkpoint: checkpoint-1000
Results CSV: experiments/output/v2/trajectory/anaphor_number_agreement_results.csv
Dataset: data_generation/outputs/impossible_blimp/v2/anaphor_number_agreement_20250617_153306.jsonl
Phenomenon: anaphor_number_agreement
Language: english
Timestamp: 20250617_153306
------------------------
Starting evaluation...
Paired evaluation results saved to experiments/output/v2/raw/english_checkpoint-1000_anaphor_number_agreement_20250617_153306_20250617_153306.csv
Evaluation finished. Processed 1000 sentence pairs.
Results have been saved to experiments/output/v2/trajectory/anaphor_number_agreement_results.csv

Experiment completed successfully.
--- Summary ---
Accuracy: 0.9590
Geometric Mean Perplexity (Good): 363.0103
Geometric Mean Perplexity (Bad): 603.8110
`loss_type=None` was set in the config but it is unrecognised.Using the default loss: `ForCausalLMLoss`.
Using device: cuda
--- Evaluation Setup ---
Model: english
Checkpoint: checkpoint-1500
Results CSV: experiments/output/v2/trajectory/anaphor_number_agreement_results.csv
Dataset: data_generation/outputs/impossible_blimp/v2/anaphor_number_agreement_20250617_153306.jsonl
Phenomenon: anaphor_number_agreement
Language: english
Timestamp: 20250617_153306
------------------------
Starting evaluation...
Paired evaluation results saved to experiments/output/v2/raw/english_checkpoint-1500_anaphor_number_agreement_20250617_153306_20250617_153306.csv
Evaluation finished. Processed 1000 sentence pairs.
Results have been saved to experiments/output/v2/trajectory/anaphor_number_agreement_results.csv

Experiment completed successfully.
--- Summary ---
Accuracy: 0.9500
Geometric Mean Perplexity (Good): 372.1840
Geometric Mean Perplexity (Bad): 658.0988
`loss_type=None` was set in the config but it is unrecognised.Using the default loss: `ForCausalLMLoss`.
Using device: cuda
--- Evaluation Setup ---
Model: english
Checkpoint: checkpoint-2000
Results CSV: experiments/output/v2/trajectory/anaphor_number_agreement_results.csv
Dataset: data_generation/outputs/impossible_blimp/v2/anaphor_number_agreement_20250617_153306.jsonl
Phenomenon: anaphor_number_agreement
Language: english
Timestamp: 20250617_153306
------------------------
Starting evaluation...
Paired evaluation results saved to experiments/output/v2/raw/english_checkpoint-2000_anaphor_number_agreement_20250617_153306_20250617_153306.csv
Evaluation finished. Processed 1000 sentence pairs.
Results have been saved to experiments/output/v2/trajectory/anaphor_number_agreement_results.csv

Experiment completed successfully.
--- Summary ---
Accuracy: 0.9660
Geometric Mean Perplexity (Good): 353.0014
Geometric Mean Perplexity (Bad): 640.1429
`loss_type=None` was set in the config but it is unrecognised.Using the default loss: `ForCausalLMLoss`.
Using device: cuda
--- Evaluation Setup ---
Model: english
Checkpoint: checkpoint-2500
Results CSV: experiments/output/v2/trajectory/anaphor_number_agreement_results.csv
Dataset: data_generation/outputs/impossible_blimp/v2/anaphor_number_agreement_20250617_153306.jsonl
Phenomenon: anaphor_number_agreement
Language: english
Timestamp: 20250617_153306
------------------------
Starting evaluation...
Paired evaluation results saved to experiments/output/v2/raw/english_checkpoint-2500_anaphor_number_agreement_20250617_153306_20250617_153306.csv
Evaluation finished. Processed 1000 sentence pairs.
Results have been saved to experiments/output/v2/trajectory/anaphor_number_agreement_results.csv

Experiment completed successfully.
--- Summary ---
Accuracy: 0.9560
Geometric Mean Perplexity (Good): 362.0221
Geometric Mean Perplexity (Bad): 660.8744
`loss_type=None` was set in the config but it is unrecognised.Using the default loss: `ForCausalLMLoss`.
Using device: cuda
--- Evaluation Setup ---
Model: english
Checkpoint: checkpoint-3000
Results CSV: experiments/output/v2/trajectory/anaphor_number_agreement_results.csv
Dataset: data_generation/outputs/impossible_blimp/v2/anaphor_number_agreement_20250617_153306.jsonl
Phenomenon: anaphor_number_agreement
Language: english
Timestamp: 20250617_153306
------------------------
Starting evaluation...
Paired evaluation results saved to experiments/output/v2/raw/english_checkpoint-3000_anaphor_number_agreement_20250617_153306_20250617_153306.csv
Evaluation finished. Processed 1000 sentence pairs.
Results have been saved to experiments/output/v2/trajectory/anaphor_number_agreement_results.csv

Experiment completed successfully.
--- Summary ---
Accuracy: 0.9560
Geometric Mean Perplexity (Good): 356.0359
Geometric Mean Perplexity (Bad): 649.2698
`loss_type=None` was set in the config but it is unrecognised.Using the default loss: `ForCausalLMLoss`.
Using device: cuda
--- Evaluation Setup ---
Model: shuffle_nondeterministic
Checkpoint: checkpoint-500
Results CSV: experiments/output/v2/trajectory/anaphor_number_agreement_results.csv
Dataset: data_generation/outputs/impossible_blimp/v2/anaphor_number_agreement_20250617_153306%shuffle_nondeterministic.jsonl
Phenomenon: anaphor_number_agreement
Language: shuffle_nondeterministic
Timestamp: 20250617_153306
------------------------
Starting evaluation...
Paired evaluation results saved to experiments/output/v2/raw/shuffle_nondeterministic_checkpoint-500_anaphor_number_agreement_20250617_153306_shuffle_nondeterministic_20250617_153306.csv
Evaluation finished. Processed 1000 sentence pairs.
Results have been saved to experiments/output/v2/trajectory/anaphor_number_agreement_results.csv

Experiment completed successfully.
--- Summary ---
Accuracy: 0.6230
Geometric Mean Perplexity (Good): 3477.9472
Geometric Mean Perplexity (Bad): 4507.7302
`loss_type=None` was set in the config but it is unrecognised.Using the default loss: `ForCausalLMLoss`.
Using device: cuda
--- Evaluation Setup ---
Model: shuffle_nondeterministic
Checkpoint: checkpoint-1000
Results CSV: experiments/output/v2/trajectory/anaphor_number_agreement_results.csv
Dataset: data_generation/outputs/impossible_blimp/v2/anaphor_number_agreement_20250617_153306%shuffle_nondeterministic.jsonl
Phenomenon: anaphor_number_agreement
Language: shuffle_nondeterministic
Timestamp: 20250617_153306
------------------------
Starting evaluation...
Paired evaluation results saved to experiments/output/v2/raw/shuffle_nondeterministic_checkpoint-1000_anaphor_number_agreement_20250617_153306_shuffle_nondeterministic_20250617_153306.csv
Evaluation finished. Processed 1000 sentence pairs.
Results have been saved to experiments/output/v2/trajectory/anaphor_number_agreement_results.csv

Experiment completed successfully.
--- Summary ---
Accuracy: 0.6550
Geometric Mean Perplexity (Good): 3063.6326
Geometric Mean Perplexity (Bad): 4301.8344
`loss_type=None` was set in the config but it is unrecognised.Using the default loss: `ForCausalLMLoss`.
Using device: cuda
--- Evaluation Setup ---
Model: shuffle_nondeterministic
Checkpoint: checkpoint-1500
Results CSV: experiments/output/v2/trajectory/anaphor_number_agreement_results.csv
Dataset: data_generation/outputs/impossible_blimp/v2/anaphor_number_agreement_20250617_153306%shuffle_nondeterministic.jsonl
Phenomenon: anaphor_number_agreement
Language: shuffle_nondeterministic
Timestamp: 20250617_153306
------------------------
Starting evaluation...
Paired evaluation results saved to experiments/output/v2/raw/shuffle_nondeterministic_checkpoint-1500_anaphor_number_agreement_20250617_153306_shuffle_nondeterministic_20250617_153306.csv
Evaluation finished. Processed 1000 sentence pairs.
Results have been saved to experiments/output/v2/trajectory/anaphor_number_agreement_results.csv

Experiment completed successfully.
--- Summary ---
Accuracy: 0.6620
Geometric Mean Perplexity (Good): 2762.2590
Geometric Mean Perplexity (Bad): 4007.3440
`loss_type=None` was set in the config but it is unrecognised.Using the default loss: `ForCausalLMLoss`.
Using device: cuda
--- Evaluation Setup ---
Model: shuffle_nondeterministic
Checkpoint: checkpoint-2000
Results CSV: experiments/output/v2/trajectory/anaphor_number_agreement_results.csv
Dataset: data_generation/outputs/impossible_blimp/v2/anaphor_number_agreement_20250617_153306%shuffle_nondeterministic.jsonl
Phenomenon: anaphor_number_agreement
Language: shuffle_nondeterministic
Timestamp: 20250617_153306
------------------------
Starting evaluation...
Paired evaluation results saved to experiments/output/v2/raw/shuffle_nondeterministic_checkpoint-2000_anaphor_number_agreement_20250617_153306_shuffle_nondeterministic_20250617_153306.csv
Evaluation finished. Processed 1000 sentence pairs.
Results have been saved to experiments/output/v2/trajectory/anaphor_number_agreement_results.csv

Experiment completed successfully.
--- Summary ---
Accuracy: 0.6650
Geometric Mean Perplexity (Good): 2728.3064
Geometric Mean Perplexity (Bad): 4018.7679
`loss_type=None` was set in the config but it is unrecognised.Using the default loss: `ForCausalLMLoss`.
Using device: cuda
--- Evaluation Setup ---
Model: shuffle_nondeterministic
Checkpoint: checkpoint-2500
Results CSV: experiments/output/v2/trajectory/anaphor_number_agreement_results.csv
Dataset: data_generation/outputs/impossible_blimp/v2/anaphor_number_agreement_20250617_153306%shuffle_nondeterministic.jsonl
Phenomenon: anaphor_number_agreement
Language: shuffle_nondeterministic
Timestamp: 20250617_153306
------------------------
Starting evaluation...
Paired evaluation results saved to experiments/output/v2/raw/shuffle_nondeterministic_checkpoint-2500_anaphor_number_agreement_20250617_153306_shuffle_nondeterministic_20250617_153306.csv
Evaluation finished. Processed 1000 sentence pairs.
Results have been saved to experiments/output/v2/trajectory/anaphor_number_agreement_results.csv

Experiment completed successfully.
--- Summary ---
Accuracy: 0.6670
Geometric Mean Perplexity (Good): 2696.1602
Geometric Mean Perplexity (Bad): 4006.5745
`loss_type=None` was set in the config but it is unrecognised.Using the default loss: `ForCausalLMLoss`.
Using device: cuda
--- Evaluation Setup ---
Model: shuffle_nondeterministic
Checkpoint: checkpoint-3000
Results CSV: experiments/output/v2/trajectory/anaphor_number_agreement_results.csv
Dataset: data_generation/outputs/impossible_blimp/v2/anaphor_number_agreement_20250617_153306%shuffle_nondeterministic.jsonl
Phenomenon: anaphor_number_agreement
Language: shuffle_nondeterministic
Timestamp: 20250617_153306
------------------------
Starting evaluation...
Paired evaluation results saved to experiments/output/v2/raw/shuffle_nondeterministic_checkpoint-3000_anaphor_number_agreement_20250617_153306_shuffle_nondeterministic_20250617_153306.csv
Evaluation finished. Processed 1000 sentence pairs.
Results have been saved to experiments/output/v2/trajectory/anaphor_number_agreement_results.csv

Experiment completed successfully.
--- Summary ---
Accuracy: 0.6740
Geometric Mean Perplexity (Good): 2567.4204
Geometric Mean Perplexity (Bad): 3883.9472
`loss_type=None` was set in the config but it is unrecognised.Using the default loss: `ForCausalLMLoss`.
Using device: cuda
--- Evaluation Setup ---
Model: shuffle_deterministic21
Checkpoint: checkpoint-500
Results CSV: experiments/output/v2/trajectory/anaphor_number_agreement_results.csv
Dataset: data_generation/outputs/impossible_blimp/v2/anaphor_number_agreement_20250617_153306%shuffle_deterministic21.jsonl
Phenomenon: anaphor_number_agreement
Language: shuffle_deterministic21
Timestamp: 20250617_153306
------------------------
Starting evaluation...
Paired evaluation results saved to experiments/output/v2/raw/shuffle_deterministic21_checkpoint-500_anaphor_number_agreement_20250617_153306_shuffle_deterministic21_20250617_153306.csv
Evaluation finished. Processed 1000 sentence pairs.
Results have been saved to experiments/output/v2/trajectory/anaphor_number_agreement_results.csv

Experiment completed successfully.
--- Summary ---
Accuracy: 0.9010
Geometric Mean Perplexity (Good): 1761.4626
Geometric Mean Perplexity (Bad): 2351.9020
`loss_type=None` was set in the config but it is unrecognised.Using the default loss: `ForCausalLMLoss`.
Using device: cuda
--- Evaluation Setup ---
Model: shuffle_deterministic21
Checkpoint: checkpoint-1000
Results CSV: experiments/output/v2/trajectory/anaphor_number_agreement_results.csv
Dataset: data_generation/outputs/impossible_blimp/v2/anaphor_number_agreement_20250617_153306%shuffle_deterministic21.jsonl
Phenomenon: anaphor_number_agreement
Language: shuffle_deterministic21
Timestamp: 20250617_153306
------------------------
Starting evaluation...
Paired evaluation results saved to experiments/output/v2/raw/shuffle_deterministic21_checkpoint-1000_anaphor_number_agreement_20250617_153306_shuffle_deterministic21_20250617_153306.csv
Evaluation finished. Processed 1000 sentence pairs.
Results have been saved to experiments/output/v2/trajectory/anaphor_number_agreement_results.csv

Experiment completed successfully.
--- Summary ---
Accuracy: 0.9600
Geometric Mean Perplexity (Good): 1366.2401
Geometric Mean Perplexity (Bad): 2112.2413
`loss_type=None` was set in the config but it is unrecognised.Using the default loss: `ForCausalLMLoss`.
Using device: cuda
--- Evaluation Setup ---
Model: shuffle_deterministic21
Checkpoint: checkpoint-1500
Results CSV: experiments/output/v2/trajectory/anaphor_number_agreement_results.csv
Dataset: data_generation/outputs/impossible_blimp/v2/anaphor_number_agreement_20250617_153306%shuffle_deterministic21.jsonl
Phenomenon: anaphor_number_agreement
Language: shuffle_deterministic21
Timestamp: 20250617_153306
------------------------
Starting evaluation...
Paired evaluation results saved to experiments/output/v2/raw/shuffle_deterministic21_checkpoint-1500_anaphor_number_agreement_20250617_153306_shuffle_deterministic21_20250617_153306.csv
Evaluation finished. Processed 1000 sentence pairs.
Results have been saved to experiments/output/v2/trajectory/anaphor_number_agreement_results.csv

Experiment completed successfully.
--- Summary ---
Accuracy: 0.9630
Geometric Mean Perplexity (Good): 1071.7789
Geometric Mean Perplexity (Bad): 1704.0536
`loss_type=None` was set in the config but it is unrecognised.Using the default loss: `ForCausalLMLoss`.
Using device: cuda
--- Evaluation Setup ---
Model: shuffle_deterministic21
Checkpoint: checkpoint-2000
Results CSV: experiments/output/v2/trajectory/anaphor_number_agreement_results.csv
Dataset: data_generation/outputs/impossible_blimp/v2/anaphor_number_agreement_20250617_153306%shuffle_deterministic21.jsonl
Phenomenon: anaphor_number_agreement
Language: shuffle_deterministic21
Timestamp: 20250617_153306
------------------------
Starting evaluation...
Paired evaluation results saved to experiments/output/v2/raw/shuffle_deterministic21_checkpoint-2000_anaphor_number_agreement_20250617_153306_shuffle_deterministic21_20250617_153306.csv
Evaluation finished. Processed 1000 sentence pairs.
Results have been saved to experiments/output/v2/trajectory/anaphor_number_agreement_results.csv

Experiment completed successfully.
--- Summary ---
Accuracy: 0.9620
Geometric Mean Perplexity (Good): 896.2925
Geometric Mean Perplexity (Bad): 1418.3100
`loss_type=None` was set in the config but it is unrecognised.Using the default loss: `ForCausalLMLoss`.
Using device: cuda
--- Evaluation Setup ---
Model: shuffle_deterministic21
Checkpoint: checkpoint-2500
Results CSV: experiments/output/v2/trajectory/anaphor_number_agreement_results.csv
Dataset: data_generation/outputs/impossible_blimp/v2/anaphor_number_agreement_20250617_153306%shuffle_deterministic21.jsonl
Phenomenon: anaphor_number_agreement
Language: shuffle_deterministic21
Timestamp: 20250617_153306
------------------------
Starting evaluation...
Paired evaluation results saved to experiments/output/v2/raw/shuffle_deterministic21_checkpoint-2500_anaphor_number_agreement_20250617_153306_shuffle_deterministic21_20250617_153306.csv
Evaluation finished. Processed 1000 sentence pairs.
Results have been saved to experiments/output/v2/trajectory/anaphor_number_agreement_results.csv

Experiment completed successfully.
--- Summary ---
Accuracy: 0.9500
Geometric Mean Perplexity (Good): 833.0523
Geometric Mean Perplexity (Bad): 1337.1325
`loss_type=None` was set in the config but it is unrecognised.Using the default loss: `ForCausalLMLoss`.
Using device: cuda
--- Evaluation Setup ---
Model: shuffle_deterministic21
Checkpoint: checkpoint-3000
Results CSV: experiments/output/v2/trajectory/anaphor_number_agreement_results.csv
Dataset: data_generation/outputs/impossible_blimp/v2/anaphor_number_agreement_20250617_153306%shuffle_deterministic21.jsonl
Phenomenon: anaphor_number_agreement
Language: shuffle_deterministic21
Timestamp: 20250617_153306
------------------------
Starting evaluation...
Paired evaluation results saved to experiments/output/v2/raw/shuffle_deterministic21_checkpoint-3000_anaphor_number_agreement_20250617_153306_shuffle_deterministic21_20250617_153306.csv
Evaluation finished. Processed 1000 sentence pairs.
Results have been saved to experiments/output/v2/trajectory/anaphor_number_agreement_results.csv

Experiment completed successfully.
--- Summary ---
Accuracy: 0.9510
Geometric Mean Perplexity (Good): 786.0874
Geometric Mean Perplexity (Bad): 1279.7562
`loss_type=None` was set in the config but it is unrecognised.Using the default loss: `ForCausalLMLoss`.
Using device: cuda
--- Evaluation Setup ---
Model: shuffle_local3
Checkpoint: checkpoint-500
Results CSV: experiments/output/v2/trajectory/anaphor_number_agreement_results.csv
Dataset: data_generation/outputs/impossible_blimp/v2/anaphor_number_agreement_20250617_153306%shuffle_local3.jsonl
Phenomenon: anaphor_number_agreement
Language: shuffle_local3
Timestamp: 20250617_153306
------------------------
Starting evaluation...
Paired evaluation results saved to experiments/output/v2/raw/shuffle_local3_checkpoint-500_anaphor_number_agreement_20250617_153306_shuffle_local3_20250617_153306.csv
Evaluation finished. Processed 1000 sentence pairs.
Results have been saved to experiments/output/v2/trajectory/anaphor_number_agreement_results.csv

Experiment completed successfully.
--- Summary ---
Accuracy: 0.8480
Geometric Mean Perplexity (Good): 962.0449
Geometric Mean Perplexity (Bad): 1263.0041
`loss_type=None` was set in the config but it is unrecognised.Using the default loss: `ForCausalLMLoss`.
Using device: cuda
--- Evaluation Setup ---
Model: shuffle_local3
Checkpoint: checkpoint-1000
Results CSV: experiments/output/v2/trajectory/anaphor_number_agreement_results.csv
Dataset: data_generation/outputs/impossible_blimp/v2/anaphor_number_agreement_20250617_153306%shuffle_local3.jsonl
Phenomenon: anaphor_number_agreement
Language: shuffle_local3
Timestamp: 20250617_153306
------------------------
Starting evaluation...
Paired evaluation results saved to experiments/output/v2/raw/shuffle_local3_checkpoint-1000_anaphor_number_agreement_20250617_153306_shuffle_local3_20250617_153306.csv
Evaluation finished. Processed 1000 sentence pairs.
Results have been saved to experiments/output/v2/trajectory/anaphor_number_agreement_results.csv

Experiment completed successfully.
--- Summary ---
Accuracy: 0.9340
Geometric Mean Perplexity (Good): 485.6934
Geometric Mean Perplexity (Bad): 723.3103
`loss_type=None` was set in the config but it is unrecognised.Using the default loss: `ForCausalLMLoss`.
Using device: cuda
--- Evaluation Setup ---
Model: shuffle_local3
Checkpoint: checkpoint-1500
Results CSV: experiments/output/v2/trajectory/anaphor_number_agreement_results.csv
Dataset: data_generation/outputs/impossible_blimp/v2/anaphor_number_agreement_20250617_153306%shuffle_local3.jsonl
Phenomenon: anaphor_number_agreement
Language: shuffle_local3
Timestamp: 20250617_153306
------------------------
Starting evaluation...
Paired evaluation results saved to experiments/output/v2/raw/shuffle_local3_checkpoint-1500_anaphor_number_agreement_20250617_153306_shuffle_local3_20250617_153306.csv
Evaluation finished. Processed 1000 sentence pairs.
Results have been saved to experiments/output/v2/trajectory/anaphor_number_agreement_results.csv

Experiment completed successfully.
--- Summary ---
Accuracy: 0.9570
Geometric Mean Perplexity (Good): 403.5691
Geometric Mean Perplexity (Bad): 649.3285
`loss_type=None` was set in the config but it is unrecognised.Using the default loss: `ForCausalLMLoss`.
Using device: cuda
--- Evaluation Setup ---
Model: shuffle_local3
Checkpoint: checkpoint-2000
Results CSV: experiments/output/v2/trajectory/anaphor_number_agreement_results.csv
Dataset: data_generation/outputs/impossible_blimp/v2/anaphor_number_agreement_20250617_153306%shuffle_local3.jsonl
Phenomenon: anaphor_number_agreement
Language: shuffle_local3
Timestamp: 20250617_153306
------------------------
Starting evaluation...
Paired evaluation results saved to experiments/output/v2/raw/shuffle_local3_checkpoint-2000_anaphor_number_agreement_20250617_153306_shuffle_local3_20250617_153306.csv
Evaluation finished. Processed 1000 sentence pairs.
Results have been saved to experiments/output/v2/trajectory/anaphor_number_agreement_results.csv

Experiment completed successfully.
--- Summary ---
Accuracy: 0.9690
Geometric Mean Perplexity (Good): 412.4730
Geometric Mean Perplexity (Bad): 684.8922
`loss_type=None` was set in the config but it is unrecognised.Using the default loss: `ForCausalLMLoss`.
Using device: cuda
--- Evaluation Setup ---
Model: shuffle_local3
Checkpoint: checkpoint-2500
Results CSV: experiments/output/v2/trajectory/anaphor_number_agreement_results.csv
Dataset: data_generation/outputs/impossible_blimp/v2/anaphor_number_agreement_20250617_153306%shuffle_local3.jsonl
Phenomenon: anaphor_number_agreement
Language: shuffle_local3
Timestamp: 20250617_153306
------------------------
Starting evaluation...
Paired evaluation results saved to experiments/output/v2/raw/shuffle_local3_checkpoint-2500_anaphor_number_agreement_20250617_153306_shuffle_local3_20250617_153306.csv
Evaluation finished. Processed 1000 sentence pairs.
Results have been saved to experiments/output/v2/trajectory/anaphor_number_agreement_results.csv

Experiment completed successfully.
--- Summary ---
Accuracy: 0.9750
Geometric Mean Perplexity (Good): 411.1532
Geometric Mean Perplexity (Bad): 725.3174
`loss_type=None` was set in the config but it is unrecognised.Using the default loss: `ForCausalLMLoss`.
Using device: cuda
--- Evaluation Setup ---
Model: shuffle_local3
Checkpoint: checkpoint-3000
Results CSV: experiments/output/v2/trajectory/anaphor_number_agreement_results.csv
Dataset: data_generation/outputs/impossible_blimp/v2/anaphor_number_agreement_20250617_153306%shuffle_local3.jsonl
Phenomenon: anaphor_number_agreement
Language: shuffle_local3
Timestamp: 20250617_153306
------------------------
Starting evaluation...
Paired evaluation results saved to experiments/output/v2/raw/shuffle_local3_checkpoint-3000_anaphor_number_agreement_20250617_153306_shuffle_local3_20250617_153306.csv
Evaluation finished. Processed 1000 sentence pairs.
Results have been saved to experiments/output/v2/trajectory/anaphor_number_agreement_results.csv

Experiment completed successfully.
--- Summary ---
Accuracy: 0.9700
Geometric Mean Perplexity (Good): 418.6092
Geometric Mean Perplexity (Bad): 734.8414
`loss_type=None` was set in the config but it is unrecognised.Using the default loss: `ForCausalLMLoss`.
Using device: cuda
--- Evaluation Setup ---
Model: reverse_full
Checkpoint: checkpoint-500
Results CSV: experiments/output/v2/trajectory/anaphor_number_agreement_results.csv
Dataset: data_generation/outputs/impossible_blimp/v2/anaphor_number_agreement_20250617_153306%reverse_full.jsonl
Phenomenon: anaphor_number_agreement
Language: reverse_full
Timestamp: 20250617_153306
------------------------
Starting evaluation...
Paired evaluation results saved to experiments/output/v2/raw/reverse_full_checkpoint-500_anaphor_number_agreement_20250617_153306_reverse_full_20250617_153306.csv
Evaluation finished. Processed 1000 sentence pairs.
Results have been saved to experiments/output/v2/trajectory/anaphor_number_agreement_results.csv

Experiment completed successfully.
--- Summary ---
Accuracy: 0.8180
Geometric Mean Perplexity (Good): 684.3894
Geometric Mean Perplexity (Bad): 865.4171
`loss_type=None` was set in the config but it is unrecognised.Using the default loss: `ForCausalLMLoss`.
Using device: cuda
--- Evaluation Setup ---
Model: reverse_full
Checkpoint: checkpoint-1000
Results CSV: experiments/output/v2/trajectory/anaphor_number_agreement_results.csv
Dataset: data_generation/outputs/impossible_blimp/v2/anaphor_number_agreement_20250617_153306%reverse_full.jsonl
Phenomenon: anaphor_number_agreement
Language: reverse_full
Timestamp: 20250617_153306
------------------------
Starting evaluation...
Paired evaluation results saved to experiments/output/v2/raw/reverse_full_checkpoint-1000_anaphor_number_agreement_20250617_153306_reverse_full_20250617_153306.csv
Evaluation finished. Processed 1000 sentence pairs.
Results have been saved to experiments/output/v2/trajectory/anaphor_number_agreement_results.csv

Experiment completed successfully.
--- Summary ---
Accuracy: 0.8780
Geometric Mean Perplexity (Good): 567.1475
Geometric Mean Perplexity (Bad): 760.8989
`loss_type=None` was set in the config but it is unrecognised.Using the default loss: `ForCausalLMLoss`.
Using device: cuda
--- Evaluation Setup ---
Model: reverse_full
Checkpoint: checkpoint-1500
Results CSV: experiments/output/v2/trajectory/anaphor_number_agreement_results.csv
Dataset: data_generation/outputs/impossible_blimp/v2/anaphor_number_agreement_20250617_153306%reverse_full.jsonl
Phenomenon: anaphor_number_agreement
Language: reverse_full
Timestamp: 20250617_153306
------------------------
Starting evaluation...
Paired evaluation results saved to experiments/output/v2/raw/reverse_full_checkpoint-1500_anaphor_number_agreement_20250617_153306_reverse_full_20250617_153306.csv
Evaluation finished. Processed 1000 sentence pairs.
Results have been saved to experiments/output/v2/trajectory/anaphor_number_agreement_results.csv

Experiment completed successfully.
--- Summary ---
Accuracy: 0.9350
Geometric Mean Perplexity (Good): 540.7437
Geometric Mean Perplexity (Bad): 777.1881
`loss_type=None` was set in the config but it is unrecognised.Using the default loss: `ForCausalLMLoss`.
Using device: cuda
--- Evaluation Setup ---
Model: reverse_full
Checkpoint: checkpoint-2000
Results CSV: experiments/output/v2/trajectory/anaphor_number_agreement_results.csv
Dataset: data_generation/outputs/impossible_blimp/v2/anaphor_number_agreement_20250617_153306%reverse_full.jsonl
Phenomenon: anaphor_number_agreement
Language: reverse_full
Timestamp: 20250617_153306
------------------------
Starting evaluation...
Paired evaluation results saved to experiments/output/v2/raw/reverse_full_checkpoint-2000_anaphor_number_agreement_20250617_153306_reverse_full_20250617_153306.csv
Evaluation finished. Processed 1000 sentence pairs.
Results have been saved to experiments/output/v2/trajectory/anaphor_number_agreement_results.csv

Experiment completed successfully.
--- Summary ---
Accuracy: 0.9540
Geometric Mean Perplexity (Good): 502.7733
Geometric Mean Perplexity (Bad): 782.9275
`loss_type=None` was set in the config but it is unrecognised.Using the default loss: `ForCausalLMLoss`.
Using device: cuda
--- Evaluation Setup ---
Model: reverse_full
Checkpoint: checkpoint-2500
Results CSV: experiments/output/v2/trajectory/anaphor_number_agreement_results.csv
Dataset: data_generation/outputs/impossible_blimp/v2/anaphor_number_agreement_20250617_153306%reverse_full.jsonl
Phenomenon: anaphor_number_agreement
Language: reverse_full
Timestamp: 20250617_153306
------------------------
Starting evaluation...
Paired evaluation results saved to experiments/output/v2/raw/reverse_full_checkpoint-2500_anaphor_number_agreement_20250617_153306_reverse_full_20250617_153306.csv
Evaluation finished. Processed 1000 sentence pairs.
Results have been saved to experiments/output/v2/trajectory/anaphor_number_agreement_results.csv

Experiment completed successfully.
--- Summary ---
Accuracy: 0.9420
Geometric Mean Perplexity (Good): 514.0789
Geometric Mean Perplexity (Bad): 813.1670
`loss_type=None` was set in the config but it is unrecognised.Using the default loss: `ForCausalLMLoss`.
Using device: cuda
--- Evaluation Setup ---
Model: reverse_full
Checkpoint: checkpoint-3000
Results CSV: experiments/output/v2/trajectory/anaphor_number_agreement_results.csv
Dataset: data_generation/outputs/impossible_blimp/v2/anaphor_number_agreement_20250617_153306%reverse_full.jsonl
Phenomenon: anaphor_number_agreement
Language: reverse_full
Timestamp: 20250617_153306
------------------------
Starting evaluation...
Paired evaluation results saved to experiments/output/v2/raw/reverse_full_checkpoint-3000_anaphor_number_agreement_20250617_153306_reverse_full_20250617_153306.csv
Evaluation finished. Processed 1000 sentence pairs.
Results have been saved to experiments/output/v2/trajectory/anaphor_number_agreement_results.csv

Experiment completed successfully.
--- Summary ---
Accuracy: 0.9560
Geometric Mean Perplexity (Good): 522.7438
Geometric Mean Perplexity (Bad): 840.3354
error: pathspec 'teaching-cluster-anaphor_number_agreement' did not match any file(s) known to git
Failed to switch to 'teaching-cluster-anaphor_number_agreement' branch. Exiting.
