`loss_type=None` was set in the config but it is unrecognised.Using the default loss: `ForCausalLMLoss`.
Using device: cuda
--- Evaluation Setup ---
Model: english
Checkpoint: checkpoint-3000
Results CSV: experiments/output/v2/results.csv
Dataset: data_generation/outputs/impossible_blimp/v2/anaphor_gender_agreement_distance_20250713_130645%filtered.jsonl
Phenomenon: anaphor_gender_agreement_distance
Language: english
Timestamp: 20250713_130645
------------------------
Starting evaluation...
Paired evaluation results saved to experiments/output/v2/raw/english_checkpoint-3000_anaphor_gender_agreement_distance_20250713_130645_filtered_20250713_130645.csv
Evaluation finished. Processed 1000 sentence pairs.
Results have been saved to experiments/output/v2/results.csv

Experiment completed successfully.
--- Summary ---
Accuracy: 0.6380
Geometric Mean Perplexity (Good): 1938.5911
Geometric Mean Perplexity (Bad): 2065.0221
`loss_type=None` was set in the config but it is unrecognised.Using the default loss: `ForCausalLMLoss`.
Using device: cuda
--- Evaluation Setup ---
Model: shuffle_nondeterministic
Checkpoint: checkpoint-3000
Results CSV: experiments/output/v2/results.csv
Dataset: data_generation/outputs/impossible_blimp/v2/anaphor_gender_agreement_distance_20250713_130645%filtered%shuffle_nondeterministic.jsonl
Phenomenon: anaphor_gender_agreement_distance
Language: shuffle_nondeterministic
Timestamp: 20250713_130645
------------------------
Starting evaluation...
Paired evaluation results saved to experiments/output/v2/raw/shuffle_nondeterministic_checkpoint-3000_anaphor_gender_agreement_distance_20250713_130645_filtered_shuffle_nondeterministic_20250713_130645.csv
Evaluation finished. Processed 1000 sentence pairs.
Results have been saved to experiments/output/v2/results.csv

Experiment completed successfully.
--- Summary ---
Accuracy: 0.7540
Geometric Mean Perplexity (Good): 2950.0214
Geometric Mean Perplexity (Bad): 3218.0181
`loss_type=None` was set in the config but it is unrecognised.Using the default loss: `ForCausalLMLoss`.
Using device: cuda
--- Evaluation Setup ---
Model: shuffle_deterministic21
Checkpoint: checkpoint-3000
Results CSV: experiments/output/v2/results.csv
Dataset: data_generation/outputs/impossible_blimp/v2/anaphor_gender_agreement_distance_20250713_130645%filtered%shuffle_deterministic21.jsonl
Phenomenon: anaphor_gender_agreement_distance
Language: shuffle_deterministic21
Timestamp: 20250713_130645
------------------------
Starting evaluation...
Paired evaluation results saved to experiments/output/v2/raw/shuffle_deterministic21_checkpoint-3000_anaphor_gender_agreement_distance_20250713_130645_filtered_shuffle_deterministic21_20250713_130645.csv
Evaluation finished. Processed 1000 sentence pairs.
Results have been saved to experiments/output/v2/results.csv

Experiment completed successfully.
--- Summary ---
Accuracy: 0.6630
Geometric Mean Perplexity (Good): 2062.3427
Geometric Mean Perplexity (Bad): 2149.8644
`loss_type=None` was set in the config but it is unrecognised.Using the default loss: `ForCausalLMLoss`.
Using device: cuda
--- Evaluation Setup ---
Model: shuffle_local3
Checkpoint: checkpoint-3000
Results CSV: experiments/output/v2/results.csv
Dataset: data_generation/outputs/impossible_blimp/v2/anaphor_gender_agreement_distance_20250713_130645%filtered%shuffle_local3.jsonl
Phenomenon: anaphor_gender_agreement_distance
Language: shuffle_local3
Timestamp: 20250713_130645
------------------------
Starting evaluation...
Paired evaluation results saved to experiments/output/v2/raw/shuffle_local3_checkpoint-3000_anaphor_gender_agreement_distance_20250713_130645_filtered_shuffle_local3_20250713_130645.csv
Evaluation finished. Processed 1000 sentence pairs.
Results have been saved to experiments/output/v2/results.csv

Experiment completed successfully.
--- Summary ---
Accuracy: 0.7470
Geometric Mean Perplexity (Good): 954.5949
Geometric Mean Perplexity (Bad): 1056.1726
`loss_type=None` was set in the config but it is unrecognised.Using the default loss: `ForCausalLMLoss`.
Using device: cuda
--- Evaluation Setup ---
Model: shuffle_local5
Checkpoint: checkpoint-3000
Results CSV: experiments/output/v2/results.csv
Dataset: data_generation/outputs/impossible_blimp/v2/anaphor_gender_agreement_distance_20250713_130645%filtered%shuffle_local5.jsonl
Phenomenon: anaphor_gender_agreement_distance
Language: shuffle_local5
Timestamp: 20250713_130645
------------------------
Starting evaluation...
Paired evaluation results saved to experiments/output/v2/raw/shuffle_local5_checkpoint-3000_anaphor_gender_agreement_distance_20250713_130645_filtered_shuffle_local5_20250713_130645.csv
Evaluation finished. Processed 1000 sentence pairs.
Results have been saved to experiments/output/v2/results.csv

Experiment completed successfully.
--- Summary ---
Accuracy: 0.7750
Geometric Mean Perplexity (Good): 854.7413
Geometric Mean Perplexity (Bad): 946.4909
`loss_type=None` was set in the config but it is unrecognised.Using the default loss: `ForCausalLMLoss`.
Using device: cuda
--- Evaluation Setup ---
Model: shuffle_local10
Checkpoint: checkpoint-3000
Results CSV: experiments/output/v2/results.csv
Dataset: data_generation/outputs/impossible_blimp/v2/anaphor_gender_agreement_distance_20250713_130645%filtered%shuffle_local10.jsonl
Phenomenon: anaphor_gender_agreement_distance
Language: shuffle_local10
Timestamp: 20250713_130645
------------------------
Starting evaluation...
Paired evaluation results saved to experiments/output/v2/raw/shuffle_local10_checkpoint-3000_anaphor_gender_agreement_distance_20250713_130645_filtered_shuffle_local10_20250713_130645.csv
Evaluation finished. Processed 1000 sentence pairs.
Results have been saved to experiments/output/v2/results.csv

Experiment completed successfully.
--- Summary ---
Accuracy: 0.6080
Geometric Mean Perplexity (Good): 2516.4191
Geometric Mean Perplexity (Bad): 2626.9289
`loss_type=None` was set in the config but it is unrecognised.Using the default loss: `ForCausalLMLoss`.
Using device: cuda
--- Evaluation Setup ---
Model: shuffle_even_odd
Checkpoint: checkpoint-3000
Results CSV: experiments/output/v2/results.csv
Dataset: data_generation/outputs/impossible_blimp/v2/anaphor_gender_agreement_distance_20250713_130645%filtered%shuffle_even_odd.jsonl
Phenomenon: anaphor_gender_agreement_distance
Language: shuffle_even_odd
Timestamp: 20250713_130645
------------------------
Starting evaluation...
Paired evaluation results saved to experiments/output/v2/raw/shuffle_even_odd_checkpoint-3000_anaphor_gender_agreement_distance_20250713_130645_filtered_shuffle_even_odd_20250713_130645.csv
Evaluation finished. Processed 1000 sentence pairs.
Results have been saved to experiments/output/v2/results.csv

Experiment completed successfully.
--- Summary ---
Accuracy: 0.7040
Geometric Mean Perplexity (Good): 2306.4982
Geometric Mean Perplexity (Bad): 2564.8784
`loss_type=None` was set in the config but it is unrecognised.Using the default loss: `ForCausalLMLoss`.
Using device: cuda
--- Evaluation Setup ---
Model: reverse_partial
Checkpoint: checkpoint-3000
Results CSV: experiments/output/v2/results.csv
Dataset: data_generation/outputs/impossible_blimp/v2/anaphor_gender_agreement_distance_20250713_130645%filtered%reverse_partial.jsonl
Phenomenon: anaphor_gender_agreement_distance
Language: reverse_partial
Timestamp: 20250713_130645
------------------------
Starting evaluation...
Paired evaluation results saved to experiments/output/v2/raw/reverse_partial_checkpoint-3000_anaphor_gender_agreement_distance_20250713_130645_filtered_reverse_partial_20250713_130645.csv
Evaluation finished. Processed 1000 sentence pairs.
Results have been saved to experiments/output/v2/results.csv

Experiment completed successfully.
--- Summary ---
Accuracy: 0.7790
Geometric Mean Perplexity (Good): 856.5482
Geometric Mean Perplexity (Bad): 949.1877
`loss_type=None` was set in the config but it is unrecognised.Using the default loss: `ForCausalLMLoss`.
Using device: cuda
--- Evaluation Setup ---
Model: reverse_full
Checkpoint: checkpoint-3000
Results CSV: experiments/output/v2/results.csv
Dataset: data_generation/outputs/impossible_blimp/v2/anaphor_gender_agreement_distance_20250713_130645%filtered%reverse_full.jsonl
Phenomenon: anaphor_gender_agreement_distance
Language: reverse_full
Timestamp: 20250713_130645
------------------------
Starting evaluation...
Paired evaluation results saved to experiments/output/v2/raw/reverse_full_checkpoint-3000_anaphor_gender_agreement_distance_20250713_130645_filtered_reverse_full_20250713_130645.csv
Evaluation finished. Processed 1000 sentence pairs.
Results have been saved to experiments/output/v2/results.csv

Experiment completed successfully.
--- Summary ---
Accuracy: 0.5900
Geometric Mean Perplexity (Good): 1583.6306
Geometric Mean Perplexity (Bad): 1656.1274
[tc-exp-2 7bbb897] batch run experiment -anaphor_gender_agreement_distance_20250713_130645
 Committer: Ram Sinthalapadi <s2750316@landonia19.inf.ed.ac.uk>
Your name and e-mail address were configured automatically based
on your username and hostname. Please check that they are accurate.
You can suppress this message by setting them explicitly. Run the
following command and follow the instructions in your editor to edit
your configuration file:

    git config --global --edit

After doing this, you may fix the identity used for this commit with:

    git commit --amend --reset-author

 2 files changed, 198 insertions(+)
 create mode 100644 slurm-2044743.out
To github.com:ramjanarthan/impossible-languages.git
   512e896..7bbb897  tc-exp-2 -> tc-exp-2
`loss_type=None` was set in the config but it is unrecognised.Using the default loss: `ForCausalLMLoss`.
Using device: cuda
--- Evaluation Setup ---
Model: english
Checkpoint: checkpoint-3000
Results CSV: experiments/output/v2/results.csv
Dataset: data_generation/outputs/impossible_blimp/v2/anaphor_number_agreement_distance_20250713_131122%filtered.jsonl
Phenomenon: anaphor_number_agreement_distance
Language: english
Timestamp: 20250713_131122
------------------------
Starting evaluation...
Paired evaluation results saved to experiments/output/v2/raw/english_checkpoint-3000_anaphor_number_agreement_distance_20250713_131122_filtered_20250713_131122.csv
Evaluation finished. Processed 1000 sentence pairs.
Results have been saved to experiments/output/v2/results.csv

Experiment completed successfully.
--- Summary ---
Accuracy: 0.7890
Geometric Mean Perplexity (Good): 1428.7198
Geometric Mean Perplexity (Bad): 1710.9705
`loss_type=None` was set in the config but it is unrecognised.Using the default loss: `ForCausalLMLoss`.
Using device: cuda
--- Evaluation Setup ---
Model: shuffle_nondeterministic
Checkpoint: checkpoint-3000
Results CSV: experiments/output/v2/results.csv
Dataset: data_generation/outputs/impossible_blimp/v2/anaphor_number_agreement_distance_20250713_131122%filtered%shuffle_nondeterministic.jsonl
Phenomenon: anaphor_number_agreement_distance
Language: shuffle_nondeterministic
Timestamp: 20250713_131122
------------------------
Starting evaluation...
Paired evaluation results saved to experiments/output/v2/raw/shuffle_nondeterministic_checkpoint-3000_anaphor_number_agreement_distance_20250713_131122_filtered_shuffle_nondeterministic_20250713_131122.csv
Evaluation finished. Processed 1000 sentence pairs.
Results have been saved to experiments/output/v2/results.csv

Experiment completed successfully.
--- Summary ---
Accuracy: 0.8510
Geometric Mean Perplexity (Good): 2364.6234
Geometric Mean Perplexity (Bad): 2656.1399
`loss_type=None` was set in the config but it is unrecognised.Using the default loss: `ForCausalLMLoss`.
Using device: cuda
--- Evaluation Setup ---
Model: shuffle_deterministic21
Checkpoint: checkpoint-3000
Results CSV: experiments/output/v2/results.csv
Dataset: data_generation/outputs/impossible_blimp/v2/anaphor_number_agreement_distance_20250713_131122%filtered%shuffle_deterministic21.jsonl
Phenomenon: anaphor_number_agreement_distance
Language: shuffle_deterministic21
Timestamp: 20250713_131122
------------------------
Starting evaluation...
Paired evaluation results saved to experiments/output/v2/raw/shuffle_deterministic21_checkpoint-3000_anaphor_number_agreement_distance_20250713_131122_filtered_shuffle_deterministic21_20250713_131122.csv
Evaluation finished. Processed 1000 sentence pairs.
Results have been saved to experiments/output/v2/results.csv

Experiment completed successfully.
--- Summary ---
Accuracy: 0.7800
Geometric Mean Perplexity (Good): 1740.9784
Geometric Mean Perplexity (Bad): 1868.1825
`loss_type=None` was set in the config but it is unrecognised.Using the default loss: `ForCausalLMLoss`.
Using device: cuda
--- Evaluation Setup ---
Model: shuffle_local3
Checkpoint: checkpoint-3000
Results CSV: experiments/output/v2/results.csv
Dataset: data_generation/outputs/impossible_blimp/v2/anaphor_number_agreement_distance_20250713_131122%filtered%shuffle_local3.jsonl
Phenomenon: anaphor_number_agreement_distance
Language: shuffle_local3
Timestamp: 20250713_131122
------------------------
Starting evaluation...
Paired evaluation results saved to experiments/output/v2/raw/shuffle_local3_checkpoint-3000_anaphor_number_agreement_distance_20250713_131122_filtered_shuffle_local3_20250713_131122.csv
Evaluation finished. Processed 1000 sentence pairs.
Results have been saved to experiments/output/v2/results.csv

Experiment completed successfully.
--- Summary ---
Accuracy: 0.8410
Geometric Mean Perplexity (Good): 763.7057
Geometric Mean Perplexity (Bad): 893.3942
`loss_type=None` was set in the config but it is unrecognised.Using the default loss: `ForCausalLMLoss`.
Using device: cuda
--- Evaluation Setup ---
Model: shuffle_local5
Checkpoint: checkpoint-3000
Results CSV: experiments/output/v2/results.csv
Dataset: data_generation/outputs/impossible_blimp/v2/anaphor_number_agreement_distance_20250713_131122%filtered%shuffle_local5.jsonl
Phenomenon: anaphor_number_agreement_distance
Language: shuffle_local5
Timestamp: 20250713_131122
------------------------
Starting evaluation...
Paired evaluation results saved to experiments/output/v2/raw/shuffle_local5_checkpoint-3000_anaphor_number_agreement_distance_20250713_131122_filtered_shuffle_local5_20250713_131122.csv
Evaluation finished. Processed 1000 sentence pairs.
Results have been saved to experiments/output/v2/results.csv

Experiment completed successfully.
--- Summary ---
Accuracy: 0.8270
Geometric Mean Perplexity (Good): 701.6990
Geometric Mean Perplexity (Bad): 818.0722
`loss_type=None` was set in the config but it is unrecognised.Using the default loss: `ForCausalLMLoss`.
Using device: cuda
--- Evaluation Setup ---
Model: shuffle_local10
Checkpoint: checkpoint-3000
Results CSV: experiments/output/v2/results.csv
Dataset: data_generation/outputs/impossible_blimp/v2/anaphor_number_agreement_distance_20250713_131122%filtered%shuffle_local10.jsonl
Phenomenon: anaphor_number_agreement_distance
Language: shuffle_local10
Timestamp: 20250713_131122
------------------------
Starting evaluation...
Paired evaluation results saved to experiments/output/v2/raw/shuffle_local10_checkpoint-3000_anaphor_number_agreement_distance_20250713_131122_filtered_shuffle_local10_20250713_131122.csv
Evaluation finished. Processed 1000 sentence pairs.
Results have been saved to experiments/output/v2/results.csv

Experiment completed successfully.
--- Summary ---
Accuracy: 0.7710
Geometric Mean Perplexity (Good): 1969.1253
Geometric Mean Perplexity (Bad): 2179.7059
`loss_type=None` was set in the config but it is unrecognised.Using the default loss: `ForCausalLMLoss`.
Using device: cuda
--- Evaluation Setup ---
Model: shuffle_even_odd
Checkpoint: checkpoint-3000
Results CSV: experiments/output/v2/results.csv
Dataset: data_generation/outputs/impossible_blimp/v2/anaphor_number_agreement_distance_20250713_131122%filtered%shuffle_even_odd.jsonl
Phenomenon: anaphor_number_agreement_distance
Language: shuffle_even_odd
Timestamp: 20250713_131122
------------------------
Starting evaluation...
Paired evaluation results saved to experiments/output/v2/raw/shuffle_even_odd_checkpoint-3000_anaphor_number_agreement_distance_20250713_131122_filtered_shuffle_even_odd_20250713_131122.csv
Evaluation finished. Processed 1000 sentence pairs.
Results have been saved to experiments/output/v2/results.csv

Experiment completed successfully.
--- Summary ---
Accuracy: 0.8350
Geometric Mean Perplexity (Good): 2074.8919
Geometric Mean Perplexity (Bad): 2497.1661
`loss_type=None` was set in the config but it is unrecognised.Using the default loss: `ForCausalLMLoss`.
Using device: cuda
--- Evaluation Setup ---
Model: reverse_partial
Checkpoint: checkpoint-3000
Results CSV: experiments/output/v2/results.csv
Dataset: data_generation/outputs/impossible_blimp/v2/anaphor_number_agreement_distance_20250713_131122%filtered%reverse_partial.jsonl
Phenomenon: anaphor_number_agreement_distance
Language: reverse_partial
Timestamp: 20250713_131122
------------------------
Starting evaluation...
Paired evaluation results saved to experiments/output/v2/raw/reverse_partial_checkpoint-3000_anaphor_number_agreement_distance_20250713_131122_filtered_reverse_partial_20250713_131122.csv
Evaluation finished. Processed 1000 sentence pairs.
Results have been saved to experiments/output/v2/results.csv

Experiment completed successfully.
--- Summary ---
Accuracy: 0.8700
Geometric Mean Perplexity (Good): 732.0769
Geometric Mean Perplexity (Bad): 856.1497
`loss_type=None` was set in the config but it is unrecognised.Using the default loss: `ForCausalLMLoss`.
Using device: cuda
--- Evaluation Setup ---
Model: reverse_full
Checkpoint: checkpoint-3000
Results CSV: experiments/output/v2/results.csv
Dataset: data_generation/outputs/impossible_blimp/v2/anaphor_number_agreement_distance_20250713_131122%filtered%reverse_full.jsonl
Phenomenon: anaphor_number_agreement_distance
Language: reverse_full
Timestamp: 20250713_131122
------------------------
Starting evaluation...
Paired evaluation results saved to experiments/output/v2/raw/reverse_full_checkpoint-3000_anaphor_number_agreement_distance_20250713_131122_filtered_reverse_full_20250713_131122.csv
Evaluation finished. Processed 1000 sentence pairs.
Results have been saved to experiments/output/v2/results.csv

Experiment completed successfully.
--- Summary ---
Accuracy: 0.8900
Geometric Mean Perplexity (Good): 1132.8274
Geometric Mean Perplexity (Bad): 1394.5847
[tc-exp-2 114043a] batch run experiment -anaphor_number_agreement_distance_20250713_131122
 Committer: Ram Sinthalapadi <s2750316@landonia19.inf.ed.ac.uk>
Your name and e-mail address were configured automatically based
on your username and hostname. Please check that they are accurate.
You can suppress this message by setting them explicitly. Run the
following command and follow the instructions in your editor to edit
your configuration file:

    git config --global --edit

After doing this, you may fix the identity used for this commit with:

    git commit --amend --reset-author

 2 files changed, 216 insertions(+)
To github.com:ramjanarthan/impossible-languages.git
   7bbb897..114043a  tc-exp-2 -> tc-exp-2
`loss_type=None` was set in the config but it is unrecognised.Using the default loss: `ForCausalLMLoss`.
Using device: cuda
--- Evaluation Setup ---
Model: english
Checkpoint: checkpoint-3000
Results CSV: experiments/output/v2/results.csv
Dataset: data_generation/outputs/impossible_blimp/v2/determiner_noun_agreement_with_adj_2_20250713_130645%filtered.jsonl
Phenomenon: determiner_noun_agreement_with_adj_2
Language: english
Timestamp: 20250713_130645
------------------------
Starting evaluation...
Paired evaluation results saved to experiments/output/v2/raw/english_checkpoint-3000_determiner_noun_agreement_with_adj_2_20250713_130645_filtered_20250713_130645.csv
Evaluation finished. Processed 1000 sentence pairs.
Results have been saved to experiments/output/v2/results.csv

Experiment completed successfully.
--- Summary ---
Accuracy: 0.9240
Geometric Mean Perplexity (Good): 959.9604
Geometric Mean Perplexity (Bad): 1640.0722
`loss_type=None` was set in the config but it is unrecognised.Using the default loss: `ForCausalLMLoss`.
Using device: cuda
--- Evaluation Setup ---
Model: shuffle_nondeterministic
Checkpoint: checkpoint-3000
Results CSV: experiments/output/v2/results.csv
Dataset: data_generation/outputs/impossible_blimp/v2/determiner_noun_agreement_with_adj_2_20250713_130645%filtered%shuffle_nondeterministic.jsonl
Phenomenon: determiner_noun_agreement_with_adj_2
Language: shuffle_nondeterministic
Timestamp: 20250713_130645
------------------------
Starting evaluation...
Paired evaluation results saved to experiments/output/v2/raw/shuffle_nondeterministic_checkpoint-3000_determiner_noun_agreement_with_adj_2_20250713_130645_filtered_shuffle_nondeterministic_20250713_130645.csv
Evaluation finished. Processed 1000 sentence pairs.
Results have been saved to experiments/output/v2/results.csv

Experiment completed successfully.
--- Summary ---
Accuracy: 0.5330
Geometric Mean Perplexity (Good): 4341.5399
Geometric Mean Perplexity (Bad): 4642.6740
`loss_type=None` was set in the config but it is unrecognised.Using the default loss: `ForCausalLMLoss`.
Using device: cuda
--- Evaluation Setup ---
Model: shuffle_deterministic21
Checkpoint: checkpoint-3000
Results CSV: experiments/output/v2/results.csv
Dataset: data_generation/outputs/impossible_blimp/v2/determiner_noun_agreement_with_adj_2_20250713_130645%filtered%shuffle_deterministic21.jsonl
Phenomenon: determiner_noun_agreement_with_adj_2
Language: shuffle_deterministic21
Timestamp: 20250713_130645
------------------------
Starting evaluation...
Paired evaluation results saved to experiments/output/v2/raw/shuffle_deterministic21_checkpoint-3000_determiner_noun_agreement_with_adj_2_20250713_130645_filtered_shuffle_deterministic21_20250713_130645.csv
Evaluation finished. Processed 1000 sentence pairs.
Results have been saved to experiments/output/v2/results.csv

Experiment completed successfully.
--- Summary ---
Accuracy: 0.5490
Geometric Mean Perplexity (Good): 2065.4703
Geometric Mean Perplexity (Bad): 2341.4354
`loss_type=None` was set in the config but it is unrecognised.Using the default loss: `ForCausalLMLoss`.
Using device: cuda
--- Evaluation Setup ---
Model: shuffle_local3
Checkpoint: checkpoint-3000
Results CSV: experiments/output/v2/results.csv
Dataset: data_generation/outputs/impossible_blimp/v2/determiner_noun_agreement_with_adj_2_20250713_130645%filtered%shuffle_local3.jsonl
Phenomenon: determiner_noun_agreement_with_adj_2
Language: shuffle_local3
Timestamp: 20250713_130645
------------------------
Starting evaluation...
Paired evaluation results saved to experiments/output/v2/raw/shuffle_local3_checkpoint-3000_determiner_noun_agreement_with_adj_2_20250713_130645_filtered_shuffle_local3_20250713_130645.csv
Evaluation finished. Processed 1000 sentence pairs.
Results have been saved to experiments/output/v2/results.csv

Experiment completed successfully.
--- Summary ---
Accuracy: 0.8750
Geometric Mean Perplexity (Good): 1066.7262
Geometric Mean Perplexity (Bad): 1600.3571
`loss_type=None` was set in the config but it is unrecognised.Using the default loss: `ForCausalLMLoss`.
Using device: cuda
--- Evaluation Setup ---
Model: shuffle_local5
Checkpoint: checkpoint-3000
Results CSV: experiments/output/v2/results.csv
Dataset: data_generation/outputs/impossible_blimp/v2/determiner_noun_agreement_with_adj_2_20250713_130645%filtered%shuffle_local5.jsonl
Phenomenon: determiner_noun_agreement_with_adj_2
Language: shuffle_local5
Timestamp: 20250713_130645
------------------------
Starting evaluation...
Paired evaluation results saved to experiments/output/v2/raw/shuffle_local5_checkpoint-3000_determiner_noun_agreement_with_adj_2_20250713_130645_filtered_shuffle_local5_20250713_130645.csv
Evaluation finished. Processed 1000 sentence pairs.
Results have been saved to experiments/output/v2/results.csv

Experiment completed successfully.
--- Summary ---
Accuracy: 0.7630
Geometric Mean Perplexity (Good): 1064.3840
Geometric Mean Perplexity (Bad): 1365.4348
`loss_type=None` was set in the config but it is unrecognised.Using the default loss: `ForCausalLMLoss`.
Using device: cuda
--- Evaluation Setup ---
Model: shuffle_local10
Checkpoint: checkpoint-3000
Results CSV: experiments/output/v2/results.csv
Dataset: data_generation/outputs/impossible_blimp/v2/determiner_noun_agreement_with_adj_2_20250713_130645%filtered%shuffle_local10.jsonl
Phenomenon: determiner_noun_agreement_with_adj_2
Language: shuffle_local10
Timestamp: 20250713_130645
------------------------
Starting evaluation...
Paired evaluation results saved to experiments/output/v2/raw/shuffle_local10_checkpoint-3000_determiner_noun_agreement_with_adj_2_20250713_130645_filtered_shuffle_local10_20250713_130645.csv
Evaluation finished. Processed 1000 sentence pairs.
Results have been saved to experiments/output/v2/results.csv

Experiment completed successfully.
--- Summary ---
Accuracy: 0.6400
Geometric Mean Perplexity (Good): 1596.9689
Geometric Mean Perplexity (Bad): 1888.2581
`loss_type=None` was set in the config but it is unrecognised.Using the default loss: `ForCausalLMLoss`.
Using device: cuda
--- Evaluation Setup ---
Model: shuffle_even_odd
Checkpoint: checkpoint-3000
Results CSV: experiments/output/v2/results.csv
Dataset: data_generation/outputs/impossible_blimp/v2/determiner_noun_agreement_with_adj_2_20250713_130645%filtered%shuffle_even_odd.jsonl
Phenomenon: determiner_noun_agreement_with_adj_2
Language: shuffle_even_odd
Timestamp: 20250713_130645
------------------------
Starting evaluation...
Paired evaluation results saved to experiments/output/v2/raw/shuffle_even_odd_checkpoint-3000_determiner_noun_agreement_with_adj_2_20250713_130645_filtered_shuffle_even_odd_20250713_130645.csv
Evaluation finished. Processed 1000 sentence pairs.
Results have been saved to experiments/output/v2/results.csv

Experiment completed successfully.
--- Summary ---
Accuracy: 0.8090
Geometric Mean Perplexity (Good): 1482.1622
Geometric Mean Perplexity (Bad): 2229.2550
`loss_type=None` was set in the config but it is unrecognised.Using the default loss: `ForCausalLMLoss`.
Using device: cuda
--- Evaluation Setup ---
Model: reverse_partial
Checkpoint: checkpoint-3000
Results CSV: experiments/output/v2/results.csv
Dataset: data_generation/outputs/impossible_blimp/v2/determiner_noun_agreement_with_adj_2_20250713_130645%filtered%reverse_partial.jsonl
Phenomenon: determiner_noun_agreement_with_adj_2
Language: reverse_partial
Timestamp: 20250713_130645
------------------------
Starting evaluation...
Paired evaluation results saved to experiments/output/v2/raw/reverse_partial_checkpoint-3000_determiner_noun_agreement_with_adj_2_20250713_130645_filtered_reverse_partial_20250713_130645.csv
Evaluation finished. Processed 1000 sentence pairs.
Results have been saved to experiments/output/v2/results.csv

Experiment completed successfully.
--- Summary ---
Accuracy: 0.8110
Geometric Mean Perplexity (Good): 528.4362
Geometric Mean Perplexity (Bad): 714.6266
`loss_type=None` was set in the config but it is unrecognised.Using the default loss: `ForCausalLMLoss`.
Using device: cuda
--- Evaluation Setup ---
Model: reverse_full
Checkpoint: checkpoint-3000
Results CSV: experiments/output/v2/results.csv
Dataset: data_generation/outputs/impossible_blimp/v2/determiner_noun_agreement_with_adj_2_20250713_130645%filtered%reverse_full.jsonl
Phenomenon: determiner_noun_agreement_with_adj_2
Language: reverse_full
Timestamp: 20250713_130645
------------------------
Starting evaluation...
Paired evaluation results saved to experiments/output/v2/raw/reverse_full_checkpoint-3000_determiner_noun_agreement_with_adj_2_20250713_130645_filtered_reverse_full_20250713_130645.csv
Evaluation finished. Processed 1000 sentence pairs.
Results have been saved to experiments/output/v2/results.csv

Experiment completed successfully.
--- Summary ---
Accuracy: 0.9480
Geometric Mean Perplexity (Good): 1180.5818
Geometric Mean Perplexity (Bad): 1912.8378
[tc-exp-2 8d37659] batch run experiment -determiner_noun_agreement_with_adj_2_20250713_130645
 Committer: Ram Sinthalapadi <s2750316@landonia19.inf.ed.ac.uk>
Your name and e-mail address were configured automatically based
on your username and hostname. Please check that they are accurate.
You can suppress this message by setting them explicitly. Run the
following command and follow the instructions in your editor to edit
your configuration file:

    git config --global --edit

After doing this, you may fix the identity used for this commit with:

    git commit --amend --reset-author

 2 files changed, 215 insertions(+)
To github.com:ramjanarthan/impossible-languages.git
   114043a..8d37659  tc-exp-2 -> tc-exp-2
`loss_type=None` was set in the config but it is unrecognised.Using the default loss: `ForCausalLMLoss`.
Using device: cuda
--- Evaluation Setup ---
Model: english
Checkpoint: checkpoint-3000
Results CSV: experiments/output/v2/results.csv
Dataset: data_generation/outputs/impossible_blimp/v2/existential_there_quantifiers_1_20250713_130645%filtered.jsonl
Phenomenon: existential_there_quantifiers_1
Language: english
Timestamp: 20250713_130645
------------------------
Starting evaluation...
Paired evaluation results saved to experiments/output/v2/raw/english_checkpoint-3000_existential_there_quantifiers_1_20250713_130645_filtered_20250713_130645.csv
Evaluation finished. Processed 1000 sentence pairs.
Results have been saved to experiments/output/v2/results.csv

Experiment completed successfully.
--- Summary ---
Accuracy: 0.9720
Geometric Mean Perplexity (Good): 511.8875
Geometric Mean Perplexity (Bad): 1477.0189
`loss_type=None` was set in the config but it is unrecognised.Using the default loss: `ForCausalLMLoss`.
Using device: cuda
--- Evaluation Setup ---
Model: shuffle_nondeterministic
Checkpoint: checkpoint-3000
Results CSV: experiments/output/v2/results.csv
Dataset: data_generation/outputs/impossible_blimp/v2/existential_there_quantifiers_1_20250713_130645%filtered%shuffle_nondeterministic.jsonl
Phenomenon: existential_there_quantifiers_1
Language: shuffle_nondeterministic
Timestamp: 20250713_130645
------------------------
Starting evaluation...
Paired evaluation results saved to experiments/output/v2/raw/shuffle_nondeterministic_checkpoint-3000_existential_there_quantifiers_1_20250713_130645_filtered_shuffle_nondeterministic_20250713_130645.csv
Evaluation finished. Processed 1000 sentence pairs.
Results have been saved to experiments/output/v2/results.csv

Experiment completed successfully.
--- Summary ---
Accuracy: 0.8220
Geometric Mean Perplexity (Good): 2080.9419
Geometric Mean Perplexity (Bad): 2907.1788
`loss_type=None` was set in the config but it is unrecognised.Using the default loss: `ForCausalLMLoss`.
Using device: cuda
--- Evaluation Setup ---
Model: shuffle_deterministic21
Checkpoint: checkpoint-3000
Results CSV: experiments/output/v2/results.csv
Dataset: data_generation/outputs/impossible_blimp/v2/existential_there_quantifiers_1_20250713_130645%filtered%shuffle_deterministic21.jsonl
Phenomenon: existential_there_quantifiers_1
Language: shuffle_deterministic21
Timestamp: 20250713_130645
------------------------
Starting evaluation...
Paired evaluation results saved to experiments/output/v2/raw/shuffle_deterministic21_checkpoint-3000_existential_there_quantifiers_1_20250713_130645_filtered_shuffle_deterministic21_20250713_130645.csv
Evaluation finished. Processed 1000 sentence pairs.
Results have been saved to experiments/output/v2/results.csv

Experiment completed successfully.
--- Summary ---
Accuracy: 0.9100
Geometric Mean Perplexity (Good): 1737.4005
Geometric Mean Perplexity (Bad): 3186.8185
`loss_type=None` was set in the config but it is unrecognised.Using the default loss: `ForCausalLMLoss`.
Using device: cuda
--- Evaluation Setup ---
Model: shuffle_local3
Checkpoint: checkpoint-3000
Results CSV: experiments/output/v2/results.csv
Dataset: data_generation/outputs/impossible_blimp/v2/existential_there_quantifiers_1_20250713_130645%filtered%shuffle_local3.jsonl
Phenomenon: existential_there_quantifiers_1
Language: shuffle_local3
Timestamp: 20250713_130645
------------------------
Starting evaluation...
Paired evaluation results saved to experiments/output/v2/raw/shuffle_local3_checkpoint-3000_existential_there_quantifiers_1_20250713_130645_filtered_shuffle_local3_20250713_130645.csv
Evaluation finished. Processed 1000 sentence pairs.
Results have been saved to experiments/output/v2/results.csv

Experiment completed successfully.
--- Summary ---
Accuracy: 0.9130
Geometric Mean Perplexity (Good): 659.1494
Geometric Mean Perplexity (Bad): 1145.6516
`loss_type=None` was set in the config but it is unrecognised.Using the default loss: `ForCausalLMLoss`.
Using device: cuda
--- Evaluation Setup ---
Model: shuffle_local5
Checkpoint: checkpoint-3000
Results CSV: experiments/output/v2/results.csv
Dataset: data_generation/outputs/impossible_blimp/v2/existential_there_quantifiers_1_20250713_130645%filtered%shuffle_local5.jsonl
Phenomenon: existential_there_quantifiers_1
Language: shuffle_local5
Timestamp: 20250713_130645
------------------------
Starting evaluation...
Paired evaluation results saved to experiments/output/v2/raw/shuffle_local5_checkpoint-3000_existential_there_quantifiers_1_20250713_130645_filtered_shuffle_local5_20250713_130645.csv
Evaluation finished. Processed 1000 sentence pairs.
Results have been saved to experiments/output/v2/results.csv

Experiment completed successfully.
--- Summary ---
Accuracy: 0.8990
Geometric Mean Perplexity (Good): 672.4032
Geometric Mean Perplexity (Bad): 1055.2847
`loss_type=None` was set in the config but it is unrecognised.Using the default loss: `ForCausalLMLoss`.
Using device: cuda
--- Evaluation Setup ---
Model: shuffle_local10
Checkpoint: checkpoint-3000
Results CSV: experiments/output/v2/results.csv
Dataset: data_generation/outputs/impossible_blimp/v2/existential_there_quantifiers_1_20250713_130645%filtered%shuffle_local10.jsonl
Phenomenon: existential_there_quantifiers_1
Language: shuffle_local10
Timestamp: 20250713_130645
------------------------
Starting evaluation...
Paired evaluation results saved to experiments/output/v2/raw/shuffle_local10_checkpoint-3000_existential_there_quantifiers_1_20250713_130645_filtered_shuffle_local10_20250713_130645.csv
Evaluation finished. Processed 1000 sentence pairs.
Results have been saved to experiments/output/v2/results.csv

Experiment completed successfully.
--- Summary ---
Accuracy: 0.8230
Geometric Mean Perplexity (Good): 828.5875
Geometric Mean Perplexity (Bad): 1195.4962
`loss_type=None` was set in the config but it is unrecognised.Using the default loss: `ForCausalLMLoss`.
Using device: cuda
--- Evaluation Setup ---
Model: shuffle_even_odd
Checkpoint: checkpoint-3000
Results CSV: experiments/output/v2/results.csv
Dataset: data_generation/outputs/impossible_blimp/v2/existential_there_quantifiers_1_20250713_130645%filtered%shuffle_even_odd.jsonl
Phenomenon: existential_there_quantifiers_1
Language: shuffle_even_odd
Timestamp: 20250713_130645
------------------------
Starting evaluation...
Paired evaluation results saved to experiments/output/v2/raw/shuffle_even_odd_checkpoint-3000_existential_there_quantifiers_1_20250713_130645_filtered_shuffle_even_odd_20250713_130645.csv
Evaluation finished. Processed 1000 sentence pairs.
Results have been saved to experiments/output/v2/results.csv

Experiment completed successfully.
--- Summary ---
Accuracy: 0.9200
Geometric Mean Perplexity (Good): 622.0640
Geometric Mean Perplexity (Bad): 1562.7130
`loss_type=None` was set in the config but it is unrecognised.Using the default loss: `ForCausalLMLoss`.
Using device: cuda
--- Evaluation Setup ---
Model: reverse_partial
Checkpoint: checkpoint-3000
Results CSV: experiments/output/v2/results.csv
Dataset: data_generation/outputs/impossible_blimp/v2/existential_there_quantifiers_1_20250713_130645%filtered%reverse_partial.jsonl
Phenomenon: existential_there_quantifiers_1
Language: reverse_partial
Timestamp: 20250713_130645
------------------------
Starting evaluation...
Paired evaluation results saved to experiments/output/v2/raw/reverse_partial_checkpoint-3000_existential_there_quantifiers_1_20250713_130645_filtered_reverse_partial_20250713_130645.csv
Evaluation finished. Processed 1000 sentence pairs.
Results have been saved to experiments/output/v2/results.csv

Experiment completed successfully.
--- Summary ---
Accuracy: 0.9530
Geometric Mean Perplexity (Good): 280.9501
Geometric Mean Perplexity (Bad): 599.8906
`loss_type=None` was set in the config but it is unrecognised.Using the default loss: `ForCausalLMLoss`.
Using device: cuda
--- Evaluation Setup ---
Model: reverse_full
Checkpoint: checkpoint-3000
Results CSV: experiments/output/v2/results.csv
Dataset: data_generation/outputs/impossible_blimp/v2/existential_there_quantifiers_1_20250713_130645%filtered%reverse_full.jsonl
Phenomenon: existential_there_quantifiers_1
Language: reverse_full
Timestamp: 20250713_130645
------------------------
Starting evaluation...
Paired evaluation results saved to experiments/output/v2/raw/reverse_full_checkpoint-3000_existential_there_quantifiers_1_20250713_130645_filtered_reverse_full_20250713_130645.csv
Evaluation finished. Processed 1000 sentence pairs.
Results have been saved to experiments/output/v2/results.csv

Experiment completed successfully.
--- Summary ---
Accuracy: 0.9440
Geometric Mean Perplexity (Good): 547.4465
Geometric Mean Perplexity (Bad): 1155.1140
